// Jest Snapshot v1, https://goo.gl/fbAQLP

exports[`initCities Saga should dispatch the initCitiesList, changeCurrentCity actions if it requests the data successfully 1`] = `
Object {
  "@@redux-saga/IO": true,
  "CALL": Object {
    "args": Array [
      "/api",
    ],
    "context": null,
    "fn": [Function],
  },
}
`;
